id,value1,value2,value3,date(YYYYMMDD)
001,hoge1,huga1,hogehuga1,20241002
002,hoge2,huga2,hogehuga2,20241003
003,hoge3,huga3,hogehuga3,20241004
004,hoge4,huga4,hogehuga4,20241005
005,hoge5,huga5,hogehuga5,20241006
